PS1='[\u@192.168.196.73 \W]\$ '
Last login: Sat Jan 24 06:59:23 2015 from 192.168.192.84
clear;echo -e '\033[32mLogin 192.168.196.73 done. Enjoy it.\033[0m'
[halcyon@localhost ~]$ PS1='[\u@192.168.196.73 \W]\$ '
[halcyon@192.168.196.73 ~]$ clear;echo -e '\033[32mLogin 192.168.196.73 done. Enjoy it.\033[0m'
[H[J[32mLogin 192.168.196.73 done. Enjoy it.[0m
[halcyon@192.168.196.73 ~]$ ll
total 0
[halcyon@192.168.196.73 ~]$ ll
total 0
[halcyon@192.168.196.73 ~]$ ifocnfig[K[K[K[K[K[Kconfig
eth0      Link encap:Ethernet  HWaddr 08:00:27:AE:97:4F  
          inet addr:10.0.2.15  Bcast:10.0.2.255  Mask:255.255.255.0
          inet6 addr: fe80::a00:27ff:feae:974f/64 Scope:Link
          UP BROADCAST RUNNING MULTICAST  MTU:1500  Metric:1
          RX packets:616 errors:0 dropped:0 overruns:0 frame:0
          TX packets:431 errors:0 dropped:0 overruns:0 carrier:0
          collisions:0 txqueuelen:1000 
          RX bytes:63001 (61.5 KiB)  TX bytes:53086 (51.8 KiB)

eth1      Link encap:Ethernet  HWaddr 08:00:27:B6:17:22  
          inet addr:192.168.196.73  Bcast:192.168.199.255  Mask:255.255.248.0
          inet6 addr: fe80::a00:27ff:feb6:1722/64 Scope:Link
          UP BROADCAST RUNNING MULTICAST  MTU:1500  Metric:1
          RX packets:32903 errors:0 dropped:0 overruns:0 frame:0
          TX packets:261 errors:0 dropped:0 overruns:0 carrier:0
          collisions:0 txqueuelen:1000 
          RX bytes:2226913 (2.1 MiB)  TX bytes:31635 (30.8 KiB)

lo        Link encap:Local Loopback  
          inet addr:127.0.0.1  Mask:255.0.0.0
          inet6 addr: ::1/128 Scope:Host
          UP LOOPBACK RUNNING  MTU:16436  Metric:1
          RX packets:0 errors:0 dropped:0 overruns:0 frame:0
          TX packets:0 errors:0 dropped:0 overruns:0 carrier:0
          collisions:0 txqueuelen:0 
          RX bytes:0 (0.0 b)  TX bytes:0 (0.0 b)

[halcyon@192.168.196.73 ~]$ ll
total 0
[halcyon@192.168.196.73 ~]$ pwd
/home/halcyon
[halcyon@192.168.196.73 ~]$ exit
logout
